// Jest Snapshot v1, https://goo.gl/fbAQLP

exports[`renders learn react link 1`] = `
Object {
  "asFragment": [Function],
  "baseElement": <body>
    <div>
      <div
        class="dark:text-white"
      >
        <div
          class="navbar z-10 flex justify-around bg-slate-300 dark:bg-slate-700"
        >
          <div
            class="w-1/2 md:w-48 flex justify-start"
          >
            <a
              aria-current="page"
              class="w-2/3 active"
              href="#/"
            >
              <img
                alt="logo"
                class="dark:filter dark:invert"
                src="brand_logo.png"
              />
            </a>
          </div>
          <ul
            class="hidden md:flex justify-around ml-10 lg:ml-20 w-1/3 dark:text-white"
            style="font-size: 18px; font-weight: bold;"
          >
            <li>
              <a
                class="w-28"
                href="#/productlistpage"
              >
                Products
              </a>
            </li>
            <li>
              <a
                class="w-28"
                href="#/aboutus"
              >
                About Us
              </a>
            </li>
            <li>
              <a
                class="w-28"
                href="#/contactus"
              >
                Contact Us
              </a>
            </li>
            <li>
              <a
                class="w-28"
                href="#/addproduct"
              >
                Add Product
              </a>
            </li>
            <a
              class=""
              href="#/login"
            >
              <button
                class="inline-flex items-center justify-center whitespace-nowrap rounded-md text-sm font-medium transition-colors focus-visible:outline-none focus-visible:ring-1 focus-visible:ring-ring disabled:pointer-events-none disabled:opacity-50 bg-primary text-primary-foreground shadow hover:bg-primary/90 h-9 px-4 py-2"
              >
                Login
              </button>
            </a>
          </ul>
          <div
            class="order-first md:hidden"
          >
            <button
              aria-controls="radix-:r0:"
              aria-expanded="false"
              aria-haspopup="dialog"
              class="inline-flex items-center justify-center whitespace-nowrap rounded-md text-sm font-medium transition-colors focus-visible:outline-none focus-visible:ring-1 focus-visible:ring-ring disabled:pointer-events-none disabled:opacity-50 bg-primary text-primary-foreground shadow hover:bg-primary/90 h-9 w-9"
              data-state="closed"
              type="button"
            >
              <svg
                class="h-4"
                fill="none"
                height="15"
                viewBox="0 0 15 15"
                width="15"
                xmlns="http://www.w3.org/2000/svg"
              >
                <path
                  clip-rule="evenodd"
                  d="M1.5 3C1.22386 3 1 3.22386 1 3.5C1 3.77614 1.22386 4 1.5 4H13.5C13.7761 4 14 3.77614 14 3.5C14 3.22386 13.7761 3 13.5 3H1.5ZM1 7.5C1 7.22386 1.22386 7 1.5 7H13.5C13.7761 7 14 7.22386 14 7.5C14 7.77614 13.7761 8 13.5 8H1.5C1.22386 8 1 7.77614 1 7.5ZM1 11.5C1 11.2239 1.22386 11 1.5 11H13.5C13.7761 11 14 11.2239 14 11.5C14 11.7761 13.7761 12 13.5 12H1.5C1.22386 12 1 11.7761 1 11.5Z"
                  fill="currentColor"
                  fill-rule="evenodd"
                />
              </svg>
            </button>
          </div>
          <div
            class="flex items-center space-x-2 dark:text-white "
          >
            <svg
              fill="none"
              height="15"
              viewBox="0 0 15 15"
              width="15"
              xmlns="http://www.w3.org/2000/svg"
            >
              <path
                clip-rule="evenodd"
                d="M7.5 0C7.77614 0 8 0.223858 8 0.5V2.5C8 2.77614 7.77614 3 7.5 3C7.22386 3 7 2.77614 7 2.5V0.5C7 0.223858 7.22386 0 7.5 0ZM2.1967 2.1967C2.39196 2.00144 2.70854 2.00144 2.90381 2.1967L4.31802 3.61091C4.51328 3.80617 4.51328 4.12276 4.31802 4.31802C4.12276 4.51328 3.80617 4.51328 3.61091 4.31802L2.1967 2.90381C2.00144 2.70854 2.00144 2.39196 2.1967 2.1967ZM0.5 7C0.223858 7 0 7.22386 0 7.5C0 7.77614 0.223858 8 0.5 8H2.5C2.77614 8 3 7.77614 3 7.5C3 7.22386 2.77614 7 2.5 7H0.5ZM2.1967 12.8033C2.00144 12.608 2.00144 12.2915 2.1967 12.0962L3.61091 10.682C3.80617 10.4867 4.12276 10.4867 4.31802 10.682C4.51328 10.8772 4.51328 11.1938 4.31802 11.3891L2.90381 12.8033C2.70854 12.9986 2.39196 12.9986 2.1967 12.8033ZM12.5 7C12.2239 7 12 7.22386 12 7.5C12 7.77614 12.2239 8 12.5 8H14.5C14.7761 8 15 7.77614 15 7.5C15 7.22386 14.7761 7 14.5 7H12.5ZM10.682 4.31802C10.4867 4.12276 10.4867 3.80617 10.682 3.61091L12.0962 2.1967C12.2915 2.00144 12.608 2.00144 12.8033 2.1967C12.9986 2.39196 12.9986 2.70854 12.8033 2.90381L11.3891 4.31802C11.1938 4.51328 10.8772 4.51328 10.682 4.31802ZM8 12.5C8 12.2239 7.77614 12 7.5 12C7.22386 12 7 12.2239 7 12.5V14.5C7 14.7761 7.22386 15 7.5 15C7.77614 15 8 14.7761 8 14.5V12.5ZM10.682 10.682C10.8772 10.4867 11.1938 10.4867 11.3891 10.682L12.8033 12.0962C12.9986 12.2915 12.9986 12.608 12.8033 12.8033C12.608 12.9986 12.2915 12.9986 12.0962 12.8033L10.682 11.3891C10.4867 11.1938 10.4867 10.8772 10.682 10.682ZM5.5 7.5C5.5 6.39543 6.39543 5.5 7.5 5.5C8.60457 5.5 9.5 6.39543 9.5 7.5C9.5 8.60457 8.60457 9.5 7.5 9.5C6.39543 9.5 5.5 8.60457 5.5 7.5ZM7.5 4.5C5.84315 4.5 4.5 5.84315 4.5 7.5C4.5 9.15685 5.84315 10.5 7.5 10.5C9.15685 10.5 10.5 9.15685 10.5 7.5C10.5 5.84315 9.15685 4.5 7.5 4.5Z"
                fill="currentColor"
                fill-rule="evenodd"
              />
            </svg>
            <button
              aria-checked="false"
              class="peer inline-flex h-5 w-9 shrink-0 cursor-pointer items-center rounded-full border-2 border-transparent shadow-sm transition-colors focus-visible:outline-none focus-visible:ring-2 focus-visible:ring-ring focus-visible:ring-offset-2 focus-visible:ring-offset-background disabled:cursor-not-allowed disabled:opacity-50 data-[state=checked]:bg-primary data-[state=unchecked]:bg-input dark:text-white"
              data-state="unchecked"
              role="switch"
              type="button"
              value="on"
            >
              <span
                class="pointer-events-none block h-4 w-4 rounded-full bg-background shadow-lg ring-0 transition-transform data-[state=checked]:translate-x-4 data-[state=unchecked]:translate-x-0"
                data-state="unchecked"
              />
            </button>
            <svg
              class="lucide lucide-moon-star "
              fill="none"
              height="24"
              stroke="currentColor"
              stroke-linecap="round"
              stroke-linejoin="round"
              stroke-width="2"
              viewBox="0 0 24 24"
              width="24"
              xmlns="http://www.w3.org/2000/svg"
            >
              <path
                d="M12 3a6 6 0 0 0 9 9 9 9 0 1 1-9-9Z"
              />
              <path
                d="M19 3v4"
              />
              <path
                d="M21 5h-4"
              />
            </svg>
          </div>
        </div>
        <div
          style="margin-top: 72px;"
        />
        <main
          class=" font-mono flex flex-col-reverse p-5  md:flex-row pt-28 pl-10 dark:bg-slate-800 dark:text-white h-screen"
        >
          <div>
            <h1
              class="text-6xl md:text-8xl max-[400px]:text-3xl"
            >
              YOUR FEET DESERVE THE BEST
            </h1>
            <p
              class="text-xl md:text-3xl italic text-slate-400 mt-10  max-[600px]:text-lg"
            >
              YOUR FEET DESERVE THE BEST AND
              <br />
               WE’RE HERE TO HELP YOU WITH OUR SHOES.
              <br />
              YOUR FEET DESERVE THE BEST AND WE’RE HERE TO HELP YOU WITH OUR SHOES.
            </p>
            <a
              class="button"
              href="#/productlistpage"
              style="text-decoration: none;"
            >
              <button
                class="inline-flex items-center justify-center whitespace-nowrap rounded-md text-sm font-medium transition-colors focus-visible:outline-none focus-visible:ring-1 focus-visible:ring-ring disabled:pointer-events-none disabled:opacity-50 bg-primary text-primary-foreground shadow hover:bg-primary/90 h-9 px-4 py-2 mt-10"
              >
                Explore
              </button>
            </a>
          </div>
          <div
            class="flex justify-center md:w-1/2 pt-20"
          >
            <img
              alt="hero-image"
              class="w-full"
              src="hero-image.png"
            />
          </div>
        </main>
        <div
          aria-label="Notifications (F8)"
          role="region"
          style="pointer-events: none;"
          tabindex="-1"
        >
          <ol
            class="fixed top-0 z-[100] flex max-h-screen w-full flex-col-reverse p-4 sm:bottom-0 sm:right-0 sm:top-auto sm:flex-col md:max-w-[420px]"
            tabindex="-1"
          />
        </div>
      </div>
    </div>
  </body>,
  "container": <div>
    <div
      class="dark:text-white"
    >
      <div
        class="navbar z-10 flex justify-around bg-slate-300 dark:bg-slate-700"
      >
        <div
          class="w-1/2 md:w-48 flex justify-start"
        >
          <a
            aria-current="page"
            class="w-2/3 active"
            href="#/"
          >
            <img
              alt="logo"
              class="dark:filter dark:invert"
              src="brand_logo.png"
            />
          </a>
        </div>
        <ul
          class="hidden md:flex justify-around ml-10 lg:ml-20 w-1/3 dark:text-white"
          style="font-size: 18px; font-weight: bold;"
        >
          <li>
            <a
              class="w-28"
              href="#/productlistpage"
            >
              Products
            </a>
          </li>
          <li>
            <a
              class="w-28"
              href="#/aboutus"
            >
              About Us
            </a>
          </li>
          <li>
            <a
              class="w-28"
              href="#/contactus"
            >
              Contact Us
            </a>
          </li>
          <li>
            <a
              class="w-28"
              href="#/addproduct"
            >
              Add Product
            </a>
          </li>
          <a
            class=""
            href="#/login"
          >
            <button
              class="inline-flex items-center justify-center whitespace-nowrap rounded-md text-sm font-medium transition-colors focus-visible:outline-none focus-visible:ring-1 focus-visible:ring-ring disabled:pointer-events-none disabled:opacity-50 bg-primary text-primary-foreground shadow hover:bg-primary/90 h-9 px-4 py-2"
            >
              Login
            </button>
          </a>
        </ul>
        <div
          class="order-first md:hidden"
        >
          <button
            aria-controls="radix-:r0:"
            aria-expanded="false"
            aria-haspopup="dialog"
            class="inline-flex items-center justify-center whitespace-nowrap rounded-md text-sm font-medium transition-colors focus-visible:outline-none focus-visible:ring-1 focus-visible:ring-ring disabled:pointer-events-none disabled:opacity-50 bg-primary text-primary-foreground shadow hover:bg-primary/90 h-9 w-9"
            data-state="closed"
            type="button"
          >
            <svg
              class="h-4"
              fill="none"
              height="15"
              viewBox="0 0 15 15"
              width="15"
              xmlns="http://www.w3.org/2000/svg"
            >
              <path
                clip-rule="evenodd"
                d="M1.5 3C1.22386 3 1 3.22386 1 3.5C1 3.77614 1.22386 4 1.5 4H13.5C13.7761 4 14 3.77614 14 3.5C14 3.22386 13.7761 3 13.5 3H1.5ZM1 7.5C1 7.22386 1.22386 7 1.5 7H13.5C13.7761 7 14 7.22386 14 7.5C14 7.77614 13.7761 8 13.5 8H1.5C1.22386 8 1 7.77614 1 7.5ZM1 11.5C1 11.2239 1.22386 11 1.5 11H13.5C13.7761 11 14 11.2239 14 11.5C14 11.7761 13.7761 12 13.5 12H1.5C1.22386 12 1 11.7761 1 11.5Z"
                fill="currentColor"
                fill-rule="evenodd"
              />
            </svg>
          </button>
        </div>
        <div
          class="flex items-center space-x-2 dark:text-white "
        >
          <svg
            fill="none"
            height="15"
            viewBox="0 0 15 15"
            width="15"
            xmlns="http://www.w3.org/2000/svg"
          >
            <path
              clip-rule="evenodd"
              d="M7.5 0C7.77614 0 8 0.223858 8 0.5V2.5C8 2.77614 7.77614 3 7.5 3C7.22386 3 7 2.77614 7 2.5V0.5C7 0.223858 7.22386 0 7.5 0ZM2.1967 2.1967C2.39196 2.00144 2.70854 2.00144 2.90381 2.1967L4.31802 3.61091C4.51328 3.80617 4.51328 4.12276 4.31802 4.31802C4.12276 4.51328 3.80617 4.51328 3.61091 4.31802L2.1967 2.90381C2.00144 2.70854 2.00144 2.39196 2.1967 2.1967ZM0.5 7C0.223858 7 0 7.22386 0 7.5C0 7.77614 0.223858 8 0.5 8H2.5C2.77614 8 3 7.77614 3 7.5C3 7.22386 2.77614 7 2.5 7H0.5ZM2.1967 12.8033C2.00144 12.608 2.00144 12.2915 2.1967 12.0962L3.61091 10.682C3.80617 10.4867 4.12276 10.4867 4.31802 10.682C4.51328 10.8772 4.51328 11.1938 4.31802 11.3891L2.90381 12.8033C2.70854 12.9986 2.39196 12.9986 2.1967 12.8033ZM12.5 7C12.2239 7 12 7.22386 12 7.5C12 7.77614 12.2239 8 12.5 8H14.5C14.7761 8 15 7.77614 15 7.5C15 7.22386 14.7761 7 14.5 7H12.5ZM10.682 4.31802C10.4867 4.12276 10.4867 3.80617 10.682 3.61091L12.0962 2.1967C12.2915 2.00144 12.608 2.00144 12.8033 2.1967C12.9986 2.39196 12.9986 2.70854 12.8033 2.90381L11.3891 4.31802C11.1938 4.51328 10.8772 4.51328 10.682 4.31802ZM8 12.5C8 12.2239 7.77614 12 7.5 12C7.22386 12 7 12.2239 7 12.5V14.5C7 14.7761 7.22386 15 7.5 15C7.77614 15 8 14.7761 8 14.5V12.5ZM10.682 10.682C10.8772 10.4867 11.1938 10.4867 11.3891 10.682L12.8033 12.0962C12.9986 12.2915 12.9986 12.608 12.8033 12.8033C12.608 12.9986 12.2915 12.9986 12.0962 12.8033L10.682 11.3891C10.4867 11.1938 10.4867 10.8772 10.682 10.682ZM5.5 7.5C5.5 6.39543 6.39543 5.5 7.5 5.5C8.60457 5.5 9.5 6.39543 9.5 7.5C9.5 8.60457 8.60457 9.5 7.5 9.5C6.39543 9.5 5.5 8.60457 5.5 7.5ZM7.5 4.5C5.84315 4.5 4.5 5.84315 4.5 7.5C4.5 9.15685 5.84315 10.5 7.5 10.5C9.15685 10.5 10.5 9.15685 10.5 7.5C10.5 5.84315 9.15685 4.5 7.5 4.5Z"
              fill="currentColor"
              fill-rule="evenodd"
            />
          </svg>
          <button
            aria-checked="false"
            class="peer inline-flex h-5 w-9 shrink-0 cursor-pointer items-center rounded-full border-2 border-transparent shadow-sm transition-colors focus-visible:outline-none focus-visible:ring-2 focus-visible:ring-ring focus-visible:ring-offset-2 focus-visible:ring-offset-background disabled:cursor-not-allowed disabled:opacity-50 data-[state=checked]:bg-primary data-[state=unchecked]:bg-input dark:text-white"
            data-state="unchecked"
            role="switch"
            type="button"
            value="on"
          >
            <span
              class="pointer-events-none block h-4 w-4 rounded-full bg-background shadow-lg ring-0 transition-transform data-[state=checked]:translate-x-4 data-[state=unchecked]:translate-x-0"
              data-state="unchecked"
            />
          </button>
          <svg
            class="lucide lucide-moon-star "
            fill="none"
            height="24"
            stroke="currentColor"
            stroke-linecap="round"
            stroke-linejoin="round"
            stroke-width="2"
            viewBox="0 0 24 24"
            width="24"
            xmlns="http://www.w3.org/2000/svg"
          >
            <path
              d="M12 3a6 6 0 0 0 9 9 9 9 0 1 1-9-9Z"
            />
            <path
              d="M19 3v4"
            />
            <path
              d="M21 5h-4"
            />
          </svg>
        </div>
      </div>
      <div
        style="margin-top: 72px;"
      />
      <main
        class=" font-mono flex flex-col-reverse p-5  md:flex-row pt-28 pl-10 dark:bg-slate-800 dark:text-white h-screen"
      >
        <div>
          <h1
            class="text-6xl md:text-8xl max-[400px]:text-3xl"
          >
            YOUR FEET DESERVE THE BEST
          </h1>
          <p
            class="text-xl md:text-3xl italic text-slate-400 mt-10  max-[600px]:text-lg"
          >
            YOUR FEET DESERVE THE BEST AND
            <br />
             WE’RE HERE TO HELP YOU WITH OUR SHOES.
            <br />
            YOUR FEET DESERVE THE BEST AND WE’RE HERE TO HELP YOU WITH OUR SHOES.
          </p>
          <a
            class="button"
            href="#/productlistpage"
            style="text-decoration: none;"
          >
            <button
              class="inline-flex items-center justify-center whitespace-nowrap rounded-md text-sm font-medium transition-colors focus-visible:outline-none focus-visible:ring-1 focus-visible:ring-ring disabled:pointer-events-none disabled:opacity-50 bg-primary text-primary-foreground shadow hover:bg-primary/90 h-9 px-4 py-2 mt-10"
            >
              Explore
            </button>
          </a>
        </div>
        <div
          class="flex justify-center md:w-1/2 pt-20"
        >
          <img
            alt="hero-image"
            class="w-full"
            src="hero-image.png"
          />
        </div>
      </main>
      <div
        aria-label="Notifications (F8)"
        role="region"
        style="pointer-events: none;"
        tabindex="-1"
      >
        <ol
          class="fixed top-0 z-[100] flex max-h-screen w-full flex-col-reverse p-4 sm:bottom-0 sm:right-0 sm:top-auto sm:flex-col md:max-w-[420px]"
          tabindex="-1"
        />
      </div>
    </div>
  </div>,
  "debug": [Function],
  "findAllByAltText": [Function],
  "findAllByDisplayValue": [Function],
  "findAllByLabelText": [Function],
  "findAllByPlaceholderText": [Function],
  "findAllByRole": [Function],
  "findAllByTestId": [Function],
  "findAllByText": [Function],
  "findAllByTitle": [Function],
  "findByAltText": [Function],
  "findByDisplayValue": [Function],
  "findByLabelText": [Function],
  "findByPlaceholderText": [Function],
  "findByRole": [Function],
  "findByTestId": [Function],
  "findByText": [Function],
  "findByTitle": [Function],
  "getAllByAltText": [Function],
  "getAllByDisplayValue": [Function],
  "getAllByLabelText": [Function],
  "getAllByPlaceholderText": [Function],
  "getAllByRole": [Function],
  "getAllByTestId": [Function],
  "getAllByText": [Function],
  "getAllByTitle": [Function],
  "getByAltText": [Function],
  "getByDisplayValue": [Function],
  "getByLabelText": [Function],
  "getByPlaceholderText": [Function],
  "getByRole": [Function],
  "getByTestId": [Function],
  "getByText": [Function],
  "getByTitle": [Function],
  "queryAllByAltText": [Function],
  "queryAllByDisplayValue": [Function],
  "queryAllByLabelText": [Function],
  "queryAllByPlaceholderText": [Function],
  "queryAllByRole": [Function],
  "queryAllByTestId": [Function],
  "queryAllByText": [Function],
  "queryAllByTitle": [Function],
  "queryByAltText": [Function],
  "queryByDisplayValue": [Function],
  "queryByLabelText": [Function],
  "queryByPlaceholderText": [Function],
  "queryByRole": [Function],
  "queryByTestId": [Function],
  "queryByText": [Function],
  "queryByTitle": [Function],
  "rerender": [Function],
  "unmount": [Function],
}
`;
